21
syntax error, unexpected IDENTIFIER. line 5
16
