112
112.2
12.123
34.1112
-70
-70.1
3.877
-29.8888
63
66.7878
32.984
6.3336
0.75
0.75
1.94033
0.703733
